0 verbose cli D:\node.exe D:\node_modules\npm\bin\npm-cli.js
1 info using npm@11.13.0
2 info using node@v24.16.0
3 silly config load:file:D:\node_modules\npm\npmrc
4 silly config load:file:D:\.npmrc
5 silly config load:file:C:\Users\ACER\.npmrc
6 silly config load:file:C:\Users\ACER\AppData\Roaming\npm\etc\npmrc
7 verbose title npm create vite@latest frontend --template react-ts
8 verbose argv "create" "vite@latest" "frontend" "--" "--template" "react-ts"
9 verbose logfile logs-max:10 dir:D:\trading-replay-trainer\.npm-cache\_logs\2026-09-18T01_22_27_403Z-
10 verbose logfile D:\trading-replay-trainer\.npm-cache\_logs\2026-09-18T01_22_27_403Z-debug-0.log
11 silly logfile done cleaning log files
12 silly packumentCache heap:4496293888 maxSize:1124073472 maxEntrySize:562036736
13 http fetch GET 200 https://registry.npmjs.org/npm 207ms
14 http fetch GET 200 https://registry.npmjs.org/create-vite 304ms (cache miss)
15 silly packumentCache heap:4496293888 maxSize:1124073472 maxEntrySize:562036736
16 warn exec The following package was not found and will be installed: create-vite@9.2.1
17 silly idealTree buildDeps
18 silly fetch manifest create-vite@9.2.1
19 silly packumentCache full:https://registry.npmjs.org/create-vite cache-miss
20 http fetch GET 200 https://registry.npmjs.org/create-vite 222ms (cache miss)
21 silly packumentCache full:https://registry.npmjs.org/create-vite set size:undefined disposed:false
22 silly placeDep ROOT create-vite@9.2.1 OK for:  want: 9.2.1
23 silly reify moves {}
24 silly audit bulk request { 'create-vite': [ '9.2.1' ] }
25 http cache create-vite@https://registry.npmjs.org/create-vite/-/create-vite-9.2.1.tgz 1ms (cache hit)
26 silly tarball no local data for create-vite@https://registry.npmjs.org/create-vite/-/create-vite-9.2.1.tgz. Extracting by manifest.
27 http fetch POST 200 https://registry.npmjs.org/-/npm/v1/security/advisories/bulk 228ms
28 silly audit report {}
29 http fetch GET 200 https://registry.npmjs.org/create-vite/-/create-vite-9.2.1.tgz 589ms (cache miss)
30 verbose cwd D:\trading-replay-trainer
31 verbose os Windows_NT 10.0.26200
32 verbose node v24.16.0
33 verbose npm  v11.13.0
34 notice
34 notice New major version of npm available! 11.13.0 -> 12.0.2
34 notice Changelog: https://github.com/npm/cli/releases/tag/v12.0.2
34 notice To update run: npm install -g npm@12.0.2
34 notice  { force: true, Symbol(proc-log.meta): true }
35 verbose exit 0
36 info ok
